------------------------------------------------------------
TimeQuest Timing Analyzer Summary
------------------------------------------------------------

Type  : Slow 1200mV 85C Model Setup 'CLOCK_50'
Slack : -3.726
TNS   : -197.733

Type  : Slow 1200mV 85C Model Setup 'ahhhPLL_inst|altpll_component|auto_generated|pll1|clk[1]'
Slack : -0.914
TNS   : -1.513

Type  : Slow 1200mV 85C Model Setup 'ahhhPLL_inst|altpll_component|auto_generated|pll1|clk[0]'
Slack : 36.374
TNS   : 0.000

Type  : Slow 1200mV 85C Model Hold 'ahhhPLL_inst|altpll_component|auto_generated|pll1|clk[1]'
Slack : 0.381
TNS   : 0.000

Type  : Slow 1200mV 85C Model Hold 'ahhhPLL_inst|altpll_component|auto_generated|pll1|clk[0]'
Slack : 0.389
TNS   : 0.000

Type  : Slow 1200mV 85C Model Hold 'CLOCK_50'
Slack : 1.538
TNS   : 0.000

Type  : Slow 1200mV 85C Model Minimum Pulse Width 'CLOCK_50'
Slack : 9.488
TNS   : 0.000

Type  : Slow 1200mV 85C Model Minimum Pulse Width 'ahhhPLL_inst|altpll_component|auto_generated|pll1|clk[1]'
Slack : 19.748
TNS   : 0.000

Type  : Slow 1200mV 85C Model Minimum Pulse Width 'ahhhPLL_inst|altpll_component|auto_generated|pll1|clk[0]'
Slack : 20.581
TNS   : 0.000

Type  : Slow 1200mV 0C Model Setup 'CLOCK_50'
Slack : -3.200
TNS   : -169.105

Type  : Slow 1200mV 0C Model Setup 'ahhhPLL_inst|altpll_component|auto_generated|pll1|clk[1]'
Slack : -0.663
TNS   : -1.037

Type  : Slow 1200mV 0C Model Setup 'ahhhPLL_inst|altpll_component|auto_generated|pll1|clk[0]'
Slack : 36.883
TNS   : 0.000

Type  : Slow 1200mV 0C Model Hold 'ahhhPLL_inst|altpll_component|auto_generated|pll1|clk[0]'
Slack : 0.346
TNS   : 0.000

Type  : Slow 1200mV 0C Model Hold 'ahhhPLL_inst|altpll_component|auto_generated|pll1|clk[1]'
Slack : 0.376
TNS   : 0.000

Type  : Slow 1200mV 0C Model Hold 'CLOCK_50'
Slack : 1.446
TNS   : 0.000

Type  : Slow 1200mV 0C Model Minimum Pulse Width 'CLOCK_50'
Slack : 9.489
TNS   : 0.000

Type  : Slow 1200mV 0C Model Minimum Pulse Width 'ahhhPLL_inst|altpll_component|auto_generated|pll1|clk[1]'
Slack : 19.744
TNS   : 0.000

Type  : Slow 1200mV 0C Model Minimum Pulse Width 'ahhhPLL_inst|altpll_component|auto_generated|pll1|clk[0]'
Slack : 20.577
TNS   : 0.000

Type  : Fast 1200mV 0C Model Setup 'CLOCK_50'
Slack : -1.315
TNS   : -67.370

Type  : Fast 1200mV 0C Model Setup 'ahhhPLL_inst|altpll_component|auto_generated|pll1|clk[1]'
Slack : 0.254
TNS   : 0.000

Type  : Fast 1200mV 0C Model Setup 'ahhhPLL_inst|altpll_component|auto_generated|pll1|clk[0]'
Slack : 38.588
TNS   : 0.000

Type  : Fast 1200mV 0C Model Hold 'ahhhPLL_inst|altpll_component|auto_generated|pll1|clk[1]'
Slack : 0.199
TNS   : 0.000

Type  : Fast 1200mV 0C Model Hold 'ahhhPLL_inst|altpll_component|auto_generated|pll1|clk[0]'
Slack : 0.204
TNS   : 0.000

Type  : Fast 1200mV 0C Model Hold 'CLOCK_50'
Slack : 0.751
TNS   : 0.000

Type  : Fast 1200mV 0C Model Minimum Pulse Width 'CLOCK_50'
Slack : 9.208
TNS   : 0.000

Type  : Fast 1200mV 0C Model Minimum Pulse Width 'ahhhPLL_inst|altpll_component|auto_generated|pll1|clk[1]'
Slack : 19.754
TNS   : 0.000

Type  : Fast 1200mV 0C Model Minimum Pulse Width 'ahhhPLL_inst|altpll_component|auto_generated|pll1|clk[0]'
Slack : 20.615
TNS   : 0.000

------------------------------------------------------------
