------------------------------------------------------------
TimeQuest Timing Analyzer Summary
------------------------------------------------------------

Type  : Slow 1200mV 85C Model Setup 'CLOCK_50'
Slack : 11.811
TNS   : 0.000

Type  : Slow 1200mV 85C Model Setup 'ahhhPLL_inst|altpll_component|auto_generated|pll1|clk[1]'
Slack : 31.516
TNS   : 0.000

Type  : Slow 1200mV 85C Model Hold 'ahhhPLL_inst|altpll_component|auto_generated|pll1|clk[1]'
Slack : 0.394
TNS   : 0.000

Type  : Slow 1200mV 85C Model Hold 'CLOCK_50'
Slack : 1.611
TNS   : 0.000

Type  : Slow 1200mV 85C Model Minimum Pulse Width 'CLOCK_50'
Slack : 9.489
TNS   : 0.000

Type  : Slow 1200mV 85C Model Minimum Pulse Width 'ahhhPLL_inst|altpll_component|auto_generated|pll1|clk[1]'
Slack : 19.747
TNS   : 0.000

Type  : Slow 1200mV 0C Model Setup 'CLOCK_50'
Slack : 12.620
TNS   : 0.000

Type  : Slow 1200mV 0C Model Setup 'ahhhPLL_inst|altpll_component|auto_generated|pll1|clk[1]'
Slack : 32.403
TNS   : 0.000

Type  : Slow 1200mV 0C Model Hold 'ahhhPLL_inst|altpll_component|auto_generated|pll1|clk[1]'
Slack : 0.381
TNS   : 0.000

Type  : Slow 1200mV 0C Model Hold 'CLOCK_50'
Slack : 1.556
TNS   : 0.000

Type  : Slow 1200mV 0C Model Minimum Pulse Width 'CLOCK_50'
Slack : 9.487
TNS   : 0.000

Type  : Slow 1200mV 0C Model Minimum Pulse Width 'ahhhPLL_inst|altpll_component|auto_generated|pll1|clk[1]'
Slack : 19.743
TNS   : 0.000

Type  : Fast 1200mV 0C Model Setup 'CLOCK_50'
Slack : 15.240
TNS   : 0.000

Type  : Fast 1200mV 0C Model Setup 'ahhhPLL_inst|altpll_component|auto_generated|pll1|clk[1]'
Slack : 35.078
TNS   : 0.000

Type  : Fast 1200mV 0C Model Hold 'ahhhPLL_inst|altpll_component|auto_generated|pll1|clk[1]'
Slack : 0.207
TNS   : 0.000

Type  : Fast 1200mV 0C Model Hold 'CLOCK_50'
Slack : 0.837
TNS   : 0.000

Type  : Fast 1200mV 0C Model Minimum Pulse Width 'CLOCK_50'
Slack : 9.208
TNS   : 0.000

Type  : Fast 1200mV 0C Model Minimum Pulse Width 'ahhhPLL_inst|altpll_component|auto_generated|pll1|clk[1]'
Slack : 19.754
TNS   : 0.000

------------------------------------------------------------
